// Jest Snapshot v1, https://goo.gl/fbAQLP

exports[`front end testing renders correctly enzyme 1`] = `
<div>
  <h1>
    Lego Project
  </h1>
  <Container
    fluid={false}
  >
    <Row
      noGutters={false}
    >
      <Col
        className="carouselComponent"
        xs={8}
      >
        <CarouselComponent
          pictures={Array []}
        />
      </Col>
      <Col
        class="col-md-auto"
        className="productInfo"
      >
        <ProductInfo
          lego={Array []}
          pictures={Array []}
        />
      </Col>
    </Row>
  </Container>
  <ProductFooter
    lego={Array []}
  />
</div>
`;
